[    0.000000] Linux verion 4.15.0-66-gneric (buildd@lgw01-amd64-044) (gcc version 4.0 (Ubuntu 7.4.0-1ubuntu1~18.04.1)) #75-Ubuntu SMP Tue Oct 1 05:24:09 UTC 2019 (Ubuntu 4.15.0-66.75-generic 4.15.18)
[    0.000000] Command line: BOOT_IMAGE=/boot/vmliuz-4.15.0-66-geneic root=UUID=90193a21-ad75-4d43-940a-5b85d91242ba ro console=tty1 cosole=ttyS0
[   0.000000] KERNEL supported cpus:
[    0.000000]   Intel GenuineIntel
[    0000000]  AMD AuthenticAMD
[    0.000000]   Centaur CentaurHauls
[    0.0000]] x86/u: Supporting XSAVE feature 0x001: 'x87 floating point registers'
[    00000] x86/fpu: Supporting XSAVE feature 0x002: 'SSE registers'
[    0.000000] x86/fpu: Supporting XSAVE feature 0x004: 'AVX registers'
[    0.000000] x86/fpu: xstate_offset[2]:  576, xstate_sizes[2]:  256
[    0.000000] x86/fpu: Enabled xstate features 0x7, context size is 832 bytes, using 'standard' format.
[    0.000000] e820: BIOS-provided physical RAM map:
[    0.000000] BIOS-e820: [mem 0x0000000000000000-0x000000000fbff] usable
[    0.000000] BIOS-e820: [mem 0x000000000009fc00-0x000000000009ffff] reserved
[    0.000000] BIOS-e820: [mem 0x00000000000f0000-0x00000000000fffff rserved
[    0.00000] BIOSe820: [mem 0x0000000000100000-0x000000003ffeffff] usable
[    0.000000] BIOS-e820: [mem 0x000000003fff0000-0x000000003fffffff] ACPI data
[    0.000000] BIOS-e820: [mem 0x00000000fec00000-0x00000000fec00fff] reserved
[    0.000000] IOS-e820: [mem 0x00000000fee00000-0x00000000fee00fff] reserved
[    0.000000] BIOS-e820: [mem 0x00000000fffc0000-0x00000000fffffff] reserved
[    0.000000] NX (Execute Disable) protection: active
[    0.000000] SMBIOS 2.5 present.
[    0.000000]DMI: innotek GmbH VirtualBox/VirtualBox, BIOS VirtualBox 12/01/2006
[    0.000000] Hypervisor detected: KVM
[    0.000000] e820: last_pfn = 0x3fff0 max_arch_pfn = 0x400000000
[    0.000000] MTRR: Disabled
[    0.000000] x86/PAT: MTRRs disabled, skipping PAT initialization to.
[    0.000000] CPU MTRRs all blank - virtualized system.
[    0.000000] x86/PAT: Configuration [0-7]: WB  WT  UC- UC  WB  WT  UC- UC  
[    0.000000] found SMP MP-table at [mem 0x0009fff0-0x0009ffff]
[    0.000000] Scanning 1 areas for low memory corruption
[    0.000000] RAMDISK: [mem 0x35983000-0x36cb8fff]
[    0.000000] ACPI: Early table checksum verification disabled
[    0.000000] ACPI: RSDP 0x00000000000E0000 00024(v02 VBOX  )
[    0.000000] ACPI: XSDT 0x000000003FFF0030 00003C (v01 VBOX   VBOXXSDT 00000001 ASL  00000061)
[    0.000000] ACPI: FACP 0x000000003FFF00F0 0000F4 (v04 VBOX   VBOXFACP 00000001 ASL  00000061)
[    0.000000] ACPI: DSDT 0x000000003FFF0470 0021FF (v02 VBOX   VBOXBIOS 00000002 INTL 20100528)
[    0.000000] ACPI: FACS 0x000000003FFF0200 000040
[    0.000000] ACPI: FACS 0x000000003FFF0200 000040
[    0.000000] ACPI: APIC 0x000000003FFF0240 00005C (v02 VBOX   VBOXAPIC 00000001 ASL  00000061)
[    0.000000] ACPI: SSDT 0x000000003FFF02A0 0001CC (v01 VBOX   VBOXCPUT 00000002 INTL 20100528)
[    0.000000] No NUMA configuration found
[    0.000000] Faking a node at [mem 0x0000000000000000-0x000000003ffeffff]
[  000000]ODE_DA(0) loatd [m 0x3ffc5000-0x3ffeffff]
[    0.000000] km-ock:pu0, msr 0:3ff401 primary pu clok
[   .00000 k-clock:sig mss 564d01and 464d00[    00000] kv-clok: using sched offset of 5267152028 cycles
[    0.000000] clocksource: kvm-clock: mask: 0xffffffffffffffff max_cycles: 0x1cd42e4dffb, max_idle_ns: 881590591483 ns
[    0.000000] Zone ranges:
[    0.000000]   DMA      [mem 0x0000000000001000-0x0000000000ffffff]
[    0.000000]   DMA32    [mem 0x000000001000000-0x000000003ffeffff]
[    0.000000]   Normal   empty
[    0.000000]   Device   empty
[    0.000000] Movable zone start for each node
[    0.000000] Early memory node ranges
[    0.000000]   node   0: [mem 0x0000000000001000-0x000000000009efff]
[    0.000000]   node   0: [mem 0x0000000000100000-0x000000003ffeffff]
[    0.000000] Reserved but unavailable: 98 pages
[    0.000000] Initmem setupnode 0 [em0x0000000001000-0x000000003ffeffff]
[    0.000000] ACPI: PM-Timer IO Port: 0x4008
[    0.000000] IOAPIC[0]: apic_id 2, version 32, address 0xfec00000, GSI 0-23
[    0.000000] ACPI: INT_SRC_OVR (bus 0 bus_irqq 0 global_irq 2 dfl dfl)
[    0.000000] ACPI: INT_SRC_OVR (bus 0 bus_irq 9 global_irq 9 low level)
[    0.000000] Using ACPI (MADT) for SMP configuration information
[    .000000] smpboot: Allowing 2 CPUs, 0 hoplug CPUs
[    0.000000] PM: Registered nosave memory: [mem 0x00000000-0x00000fff]
[    0.000000] PM: Registered nosave memory: [mem 0x0009f000-009fff][   .000000] PM: Registered nosave memory: [mem 0x000a0000-0x000effff]
[    0.000000] PM: Registered nosave memory: [mem 0x000f0000-0x000fffff]
[    0.000000] e820: [mem 0x0000000xebffff] available for PCI devices
    0.000000] Booting paravirtualized kernel on KVM
[    0.000000] clocksource: refined-jiffies: mask: 0xffffffff max_cycles: 0xffffffff, max_idle_ns: 7645519600211568 ns
[    0.000000] random: get_random_bytes called from start_kernel+0x99/0x4fd with crng_init=0
[    0.000000] setup_percpu: NR_CPUS:8192 nr_cpumask_bits:2 nr_cpu_ids:2 nr_node_ids:1
[    0.000000] percpu: Embedded 46 pages/cpu s151552 r8192 d28672 u1048576
[    0.000000] PV qspinlock hash table entries: 256 (order: 0, 4096 bytes)
[    0.000000] Built 1 zonelists, mobility grouping on.  Total pages: 257913
[    0.000000] Policy zone: DMA32
[    0.000000] Kernel command line: BOOT_IMAGE=/boot/vmlinuz-4.15.0-66-generic rootUID=90193a21-ad75-4d43-940a-5b85d91242b r console=tty1 console=ttyS0
[    0.000000] Memory: 982908K/1048120K available (12300K kernel code, 2481K rwdata,420K rdaa,2436 init, 2388K bss, 65212K reserved, 0K cma-reserved)
[    0.000000] UB: Walig64, de=0-3, nObjects=0, CPUs=2, Nodes=1
[    0.000000] Kernel/User page tables isolation: enabled
[    0.000000] ftrace: allocating 39306 entries in 154 pages
[    0.004000] Hierarchical RCU implemeation.
[    0.004000] 	RCU restricting CPUs from NR_CPUS=8192 to nr_cpu_ids=2.
[    0.004000] 	Tasks RCU enabled.
[    0.004000] RCU: Adjusting geometry for rcu_fanout_leaf=16, nr_cpu_ids=2
[    0.004000] NR_IRQS: 524544, nr_irqs: 440, preallocated irqs: 16
[    0.004000] Console: colour VGA+ 80x25
[    0.004000] console [tty1] enabled
[    0.004000] console [ttyS0] enabled
[    0.004000] ACPI: Core revision 20170831
[    0.004000] ACPI: 2 ACPI AML tables successfully acquired and loaded
[    0.004000] APIC: Switch to symmetric I/O mode setup
[    0.004000] x2apic enabled
[    0.004000] Switched APIC routing to physical x2apic.
[    0.004000] ..TIMER: vector=0x30 apic1=0 pin1=2 apic2=-1 pin2=-1
[    0.004005] tsc: Detected 2400.000 MHz processor
[    0.004902] Calibrating delay loop (skipped) preset value.. 4800.00 BogoMIPS (lpj=9600000)
[    0.008007] pid_max: default: 32768 minimum: 301
[    0.012040] Security Framework initialized
[    0.012932] Yama: becoming mindful.
[    0.013682] AppArmor: AppArmor initialized
[    0.016065] Dentry cache hash table entries: 131072 (order: 8, 1048576 bytes)
[    0.020073] Inode-cache hash table entries: 65536 (order: 7, 524288 bytes)
[    0.024028] Mount-cache hash table entries: 2048 (order: 2, 16384 bytes)
[    0.025341] Mountpoint-cache hash table entries: 2048 (order: 2, 16384 bytes)
[    0.028219] Last level iTLB entries: 4KB 64, 2MB 8, 4MB 8
[    0.029281] Last level dTLB entries: 4KB 64, 2MB 0, 4MB 0, 1GB 4
[    0.030431] Spectre V1 : Mitigation: usercopy/swapgs barriers and __user pointer sanitization
[    0.032006] Spectre V2 : Mitigation: Full generic retpoline
[    0.036006] Spectre V2 : Spectre v2 / SpectreRSB mitigation: Filling RSB on context switch
[    0.037665] Speculative Store Bypass: Vulnerable
[    0.038643] MDS: Vulnerable: Clear CPU buffers attempted, no microcode
[    0.040136] Freeing SMP alternatives memory: 36K
[    0.152086] smpboot: CPU0: Intel(R) Core(TM) i5-8279U CPU @ 2.40GHz (family: 0x6, model: 0x8e, stepping: 0xa)
[    0.160013] Performance Events: unsupported p6 CPU model 142 no PMU driver, software events only.
[    0.164101] Hierarchical SRCU implementation.
[    0.168881] NMI watchdog: Perf event create on CPU 0 failed with -2
[    0.172008] NMI watchdog: Perf NMI watchdog permanently disabled
[    0.176075] smp: Bringing up secondary CPUs ...
[    0.180162] x86: Booting SMP configuration:
[    0.184009] .... node  #0, CPUs:      #1
[    0.004000] kvm-clock: cpu 1, msr 0:3ff44041, secondary cpu clock
[    0.228008] smp: Brought up 1 node, 2 CPUs
[    0.232010] smpboot: Max logical packages: 1
[    0.236008] smpboot: Total of 2 processors activated (9600.00 BogoMIPS)
[    0.240135] devtmpfs: initialized
[    0.244058] x86/mm: Memory block size: 128MB
[    0.248136] evm: security.selinux
[    0.252009] evm: security.SMACK64
[    0.252676] evm: security.SMACK64EXEC
[    0.253438] evm: security.SMACK64TRANSMUTE
[    0.254231] evm: security.SMACK64MMAP
[    0.254966] evm: security.apparmor
[    0.255630] evm: security.ima
[    0.256003] evm: security.capability
[    0.260179] clocksource: jiffies: mask: 0xffffffff max_cycles: 0xffffffff, max_idle_ns: 7645041785100000 ns
[    0.264014] futex hash table entries: 512 (order: 3, 32768 bytes)
[    0.267864] pinctrl core: initialized pinctrl subsystem
[    0.268174] RTC time:  6:59:20, date: 10/29/19
[    0.272470] NET: Registered protocol family 16
[    0.276126] audit: initializing netlink subsys (disabled)
[    0.280138] audit: type=2000 audit(1572332363.684:1): state=initialized audit_enabled=0 res=1
[    0.292009] cpuidle: using governor ladder
[    0.296016] cpuidle: using governor menu
[    0.300092] ACPI: bus type PCI registered
[    0.304009] acpiphp: ACPI Hot Plug PCI Controller Driver version: 0.5
[    0.308240] PCI: Using configuration type 1 for base access
[    0.316020] HugeTLB registered 2.00 MiB page size, pre-allocated 0 pages
[    0.317970] ACPI: Added _OSI(Module Device)
[    0.317970] ACPI: Added _OSI(Processor Device)
[    0.320010] ACPI: Added _OSI(3.0 _SCP Extensions)
[    0.324006] ACPI: Added _OSI(Processor Aggregator Device)
[    0.325693] ACPI: Added _OSI(Linux-Dell-Video)
[    0.327192] ACPI: Added _OSI(Linux-Lenovo-NV-HDMI-Audio)
[    0.328009] ACPI: Added _OSI(Linux-HPI-Hybrid-Graphics)
[    0.330430] ACPI: Executed 1 blocks of module-level executable AML code
[    0.338305] ACPI: Interpreter enabled
[    0.340024] ACPI: (supports S0 S5)
[    0.341374] ACPI: Using IOAPIC for interrupt routing
[    0.344354] PCI: Using host bridge windows from ACPI; if necessary, use "pci=nocrs" and report a bug
[    0.347462] ACPI: Enabled 2 GPEs in block 00 to 07
[    0.362527] ACPI: PCI Root Bridge [PCI0] (domain 0000 [bus 00-ff])
[    0.364012] acpi PNP0A03:00: _OSC: OS supports [ASPM ClockPM Segments MSI]
[    0.368045] acpi PNP0A03:00: _OSC: not requesting OS control; OS requires [ExtendedConfig ASPM ClockPM MSI]
[    0.372023] acpi PNP0A03:00: fail to add MMCONFIG information, can't access extended PCI configuration space under this bridge.
[    0.376930] PCI host bridge to bus 0000:00
[    0.380015] pci_bus 0000:00: root bus resource [io  0x0000-0x0cf7 window]
[    0.384012] pci_bus 0000:00: root bus resource [io  0x0d00-0xffff window]
[    0.388010] pci_bus 0000:00: root bus resource [mem 0x000a0000-0x000bffff window]
[    0.392010] pci_bus 0000:00: root bus resource [mem 0x40000000-0xfdffffff window]
[    0.396005] pci_bus 0000:00: root bus resource [bus 00-ff]
[    0.404129] pci 0000:00:01.1: legacy IDE quirk: reg 0x10: [io  0x01f0-0x01f7]
[    0.406385] pci 0000:00:01.1: legacy IDE quirk: reg 0x14: [io  0x03f6]
[    0.408034] pci 0000:00:01.1: legacy IDE quirk: reg 0x18: [io  0x0170-0x0177]
[    0.412009] pci 0000:00:01.1: legacy IDE quirk: reg 0x1c: [io  0x0376]
[    0.442584] pci 0000:00:07.0: quirk: [io  0x4000-0x403f] claimed by PIIX4 ACPI
[    0.444067] pci 0000:00:07.0: quirk: [io  0x4100-0x410f] claimed by PIIX4 SMB
[    0.460832] ACPI: PCI Interrupt Link [LNKA] (IRQs 5 9 10 *11)
[    0.464373] ACPI: PCI Interrupt Link [LNKB] (IRQs 5 9 *10 11)
[    0.468287] ACPI: PCI Interrupt Link [LNKC] (IRQs 5 *9 10 11)
[    0.472159] ACPI: PCI Interrupt Link [LNKD] (IRQs 5 9 10 *11)
[    0.473612] SCSI subsystem initialized
[    0.474407] pci 0000:00:02.0: vgaarb: setting as boot VGA device
[    0.476000] pci 0000:00:02.0: vgaarb: VGA device added: decodes=io+mem,owns=io+mem,locks=none
[    0.476016] pci 0000:00:02.0: vgaarb: bridge control possible
[    0.477083] vgaarb: loaded
[    0.480044] ACPI: bus type USB registered
[    0.484055] usbcore: registered new interface driver usbfs
[    0.488025] usbcore: registered new interface driver hub
[    0.492043] usbcore: registered new device driver usb
[    0.500029] EDAC MC: Ver: 3.0.0
[    0.508309] PCI: Using ACPI for IRQ routing
[    0.512877] NetLabel: Initializing
[    0.513594] NetLabel:  domain hash size = 128
[    0.514430] NetLabel:  protocols = UNLABELED CIPSOv4 CALIPSO
[    0.516045] NetLabel:  unlabeled traffic allowed by default
[    0.517191] clocksource: Switched to clocksource kvm-clock
[    0.88] S: Disk quotas dquot_6.6.0
[    0.660237] VFS: Dquot-cache hash table entries: 512 (order 0, 4096 yt)  0.747510] AppArmor: AppArmor Filesystem Enabled
[    0.852036] pnp: PnP ACPI init
[    0.853775] pnp: PnP ACPI: found 3 devices

[  06477]losour: pipm: as 0xffffffmacyes 0xffffff, max_dlns207024ns
[    1.640020] NET: Registereprotocol family 2

[    1.700372] TCP established hash table entries: 8192 (order: 4, 65536 byes
[    1.784487] TCP bind hah table entries: 8192 (order: 5, 131072 bytes)
[    1.82089] TCP: ash tables configured (established 8192 bid 8192)

[    1.910201] UDP hash table entries: 512 (order: 2, 16384 bytes)
[    1.914748] UDP-Lie hash table entries: 512 (order: 2, 16384 bytes)
[    1.979592]ET Registered protocol family 1
[    2.060013] pci 0000:00:00.0: Limiting direct PCI/PCI tansers
[    2.116623] pci 0000:00:01.0: Activating ISA DMA hang workarounds
[    2.119687] pci 0000:00:02.0: Video device with shadowed ROM at [mem 0x000c000-0000dffff]
[    2.1946 Upackin initramfs..

[    2.818951] Freeing initrd memory: 19672K
[    2.820164] clocksource: tsc: mask: 0xffffffffffffffff max_cycles: 0x22983777dd9, max_idle_ns: 440795300422 ns
[    2.893434] platform rtc_cmos: registered platform RTC device (no PNP device found)
[    2.895658] Scanning for low memory corruption every 60 seconds
[    2.898232] Initialise system trusted keyrings
[    2.899166] Key type blacklist registered
[    2.900121] workingset: timestamp_bits=36 max_order=18 bucket_order=0
[    2.902765] zbud: loaded
[    2.903881] squashfs: version 4.0 (2009/01/31) Phillip Lougher
[    2.913404] fuse init (API version 7.26)
[    2.917235] Key type asymmetric registered
[    2.918191] Asymmetric key parser 'x509' registered
[    2.919164] Block layer SCSI generic (bsg) driver version 0.4 loaded (major 246)
[    2.920690] io scheduler noop registered
[    2.921447] io scheduler deadline registered
[    2.922329] io scheduler cfq registered (default)
[    2.923880] ACPI: AC Adapter [AC] (on-line)
[    2.930634] input: Power Button as /devices/LNXSYSTM:00/LNXPWRBN:00/input/input0
[    2.932380] ACPI: Power Button [PWRF]
[    2.933199] input: Sleep Button as /devices/LNXSYSTM:00/LNXSLPBN:00/input/input1
[    2.934596] ACPI: Sleep Button [SLPF]
[    2.935972] Serial: 8250/16550 driver, 32 ports, IRQ sharing enabled
[    2.937139] ACPI: Battery Slot [BAT0] (battery present)
[    2.984016] 00:02: ttyS0 at I/O 0x3f8 (irq = 4, base_baud = 115200) is a 16550A
[    3.022190] Linux agpgart interface v0.103
[    3.032121] loop: module loaded
[    3.033504] scsi host0: ata_piix
[    3.034728] scsi host1: ata_piix
[    3.035748] ata1: PATA max UDMA/33 cmd 0x1f0 ctl 0x3f6 bmdma 0xd000 irq 14
[    3.037697] ata2: PATA max UDMA/33 cmd 0x170 ctl 0x376 bmdma 0xd008 irq 15
[    3.046447] libphy: Fixed MDIO Bus: probed
[    3.047679] tun: Universal TUN/TAP device driver, 1.6
[    3.050155] PPP generic driver version 2.4.2
[    3.051446] ehci_hcd: USB 2.0 'Enhanced' Host Controller (EHCI) Driver
[    3.053347] ehci-pci: EHCI PCI platform driver
[    3.054447] ehci-platform: EHCI generic platform driver
[    3.055793] ohci_hcd: USB 1.1 'Open' Host Controller (OHCI) Driver
[    3.057343] ohci-pci: OHCI PCI platform driver
[    3.058367] ohci-platform: OHCI generic platform driver
[    3.060853] uhci_hcd: USB Universal Host Controller Interface driver
[    3.063075] i8042: PNP: PS/2 Controller [PNP0303:PS2K,PNP0f03:PS2M] at 0x60,0x64 irq 1,12
[    3.065488] serio: i8042 KBD port at 0x60,0x64 irq 1
[    3.066641] serio: i8042 AUX port at 0x60,0x64 irq 12
[    3.067755] mousedev: PS/2 mouse device common for all mice
[    3.069246] input: AT Translated Set 2 keyboard as /devices/platform/i8042/serio0/input/input2
[    3.071348] rtc_cmos rtc_cmos: rtc core: registered rtc_cmos as rtc0
[    3.072610] rtc_cmos rtc_cmos: alarms up to one day, 114 bytes nvram
[    3.073789] i2c /dev entries driver
[    3.074519] device-mapper: uevent: version 1.0.3
[    3.075488] device-mapper: ioctl: 4.37.0-ioctl (2017-09-20) initialised: dm-devel@redhat.com
[    3.086989] ledtrig-cpu: registered to indicate activity on CPUs
[    3.094281] NET: Registered protocol family 10
[    3.101268] Segment Routing with IPv6
[    3.176518] NET: Registered protocol family 17
[    3.266238] Key type dns_resolver registered
[    3.346356] mce: Using 0 MCE banks
[    3.405837] RAS: Correctable Errors collector initialized.
[    3.564523] sched_clock: Marking stable (3564490865, 0)->(7912395371, -4347904506)
[    3.661004] registered taskstats version 1
[    3.741930] Loading compiled-in X.509 certificates
[    3.821301] Loaded X.509 cert 'Build time autogenerated kernel key: 01a66adcc10ca4ce7676a3458c33483b0e2b806e'
[    3.916519] zswap: loaded using pool lzo/zbud
[    3.929980] Key type big_key registered
[    3.976938] Key type trusted registered
[    4.018076] Key type encrypted registered
[    4.099037] AppArmor: AppArmor sha1 policy hashing enabled
[    4.112835] ima: No TPM chip found, activating TPM-bypass! (rc=-19)
[    4.114862] ima: Allocated hash algorithm: sha1
[    4.116361] evm: HMAC attrs: 0x1
[    4.117438]   Magic number: 7:282:975
[    4.118399] rtc_cmos rtc_cmos: setting system clock to 2019-10-29 06:59:24 UTC (1572332364)
[    4.120445] BIOS EDD facility v0.16 2004-Jun-25, 0 devices found
[    4.121929] EDD information not available.
[    4.126844] Freeing unused kernel image memory: 2436K
[    4.144130] Write protecting the kernel read-only data: 20480k
[    4.147493] Freeing unused kernel image memory: 2008K
[    4.148939] Freeing unused kernel image memory: 1884K
[    4.154111] x86/mm: Checked W+X mappings: passed, no W+X pages found.
[    4.155307] x86/mm: Checking user space page tables
[    4.160806] x86/mm: Checked W+X mappings: passed, no W+X pages found.
Loading, please wait...
starting version 237
[    4.247588] e1000: Intel(R) PRO/1000 Network Driver - version 7.3.21-k8-NAPI
[    4.265239] e1000: Copyright (c) 1999-2006 Intel Corporation.
[    4.337154] Fusion MPT base driver 3.04.20
[    4.378104] Copyright (c) 1999-2008 LSI Corporation
[    4.444831] AVX2 version of gcm_enc/dec engaged.
[    4.495418] AES CTR mode by8 optimization enabled
[    4.504157] Fusion MPT SPI Host driver 3.04.20
[    4.731350] input: ImExPS/2 Generic Explorer Mouse as /devices/platform/i8042/serio1/input/input4
[    4.868890] e1000 0000:00:03.0 eth0: (PCI:33MHz:32-bit) 02:cc:50:df:d9:b9
[    6.368241] e1000 0000:00:03.0 eth0: Intel(R) PRO/1000 Network Connection
[    7.376653] mptbase: ioc0: Initiating bringup
[    8.161070] ioc0: LSI53C1030 A0: Capabilities={Initiator}
[    9.380965] scsi host2: ioc0: LSI53C1030 A0, FwRev=00000000h, Ports=1, MaxQ=256, IRQ=20
[   11.381336] scsi 2:0:0:0: Direct-Access     VBOX     HARDDISK         1.0  PQ: 0 ANSI: 5
[   12.936792] scsi target2:0:0: Beginning Domain Validation
[   12.957327] scsi target2:0:0: Domain Validation skipping write tests
[   12.959687] scsi target2:0:0: Ending Domain Validation
[   12.964565] scsi target2:0:0: asynchronous
[   13.015375] scsi 2:0:1:0: Direct-Access     VBOX     HARDDISK         1.0  PQ: 0 ANSI: 5
[   13.281656] scsi target2:0:1: Beginning Domain Validation
[   13.309563] e1000 0000:00:08.0 eth1: (PCI:33MHz:32-bit) 08:00:27:91:51:f9
[   13.320720] random: fast init done
[   13.335868] e1000 0000:00:08.0 eth1: Intel(R) PRO/1000 Network Connection
[   13.349405] scsi target2:0:1: Domain Validation skipping write tests
[   13.478804] scsi target2:0:1: Ending Domain Validation
[   13.479280] random: systemd-udevd: uninitialized urandom read (16 bytes read)
[   13.502622] scsi target2:0:1: asynchronous
[   13.530195] random: systemd-udevd: uninitialized urandom read (16 bytes read)
[   13.570528] sd 2:0:0:0: Attached scsi generic sg0 type 0
[   13.646634] random: systemd-udevd: uninitialized urandom read (16 bytes read)
[   13.697337] sd 2:0:0:0: [sda] 20971520 512-byte logical blocks: (10.7 GB/10.0 GiB)
[   13.889163] sd 2:0:1:0: Attached scsi generic sg1 type 0
[   13.890283] e1000 0000:00:08.0 enp0s8: renamed from eth1
[   13.904306] sd 2:0:0:0: [sda] Write Protect is off
[   13.904627] sd 2:0:1:0: [sdb] 20480 512-byte logical blocks: (10.5 MB/10.0 MiB)
[   13.911967] sd 2:0:1:0: [sdb] Write Protect is off
[   13.912059] sd 2:0:0:0: [sda] Incomplete mode parameter data
[   13.917714] sd 2:0:0:0: [sda] Assuming drive cache: write through
[   13.918096] sd 2:0:1:0: [sdb] Incomplete mode parameter data
[   13.926998] sd 2:0:1:0: [sdb] Assuming drive cache: write through
[   13.939826]  sda: sda1
[   13.943996] sd 2:0:0:0: [sda] Attached SCSI disk
[   13.944980] sd 2:0:1:0: [sdb] Attached SCSI disk
[   13.949254] e1000 0000:00:03.0 enp0s3: renamed from eth0
Begin: Loading essential drivers ... [   15.404092] raid6: sse2x1   gen() 11506 MB/s
[   15.488738] raid6: sse2x1   xor()  6937 MB/s
[   15.588595] raid6: sse2x2   gen() 14721 MB/s
[   15.700379] raid6: sse2x2   xor() 10652 MB/s
[   15.824411] raid6: sse2x4   gen() 18176 MB/s
[   15.960212] raid6: sse2x4   xor()  9868 MB/s
[   16.108432] raid6: avx2x1   gen() 22701 MB/s
[   16.168364] raid6: avx2x1   xor() 15708 MB/s
[   16.225041] raid6: avx2x2   gen() 32565 MB/s
[   16.380831] raid6: avx2x2   xor() 20427 MB/s
[   16.516233] raid6: avx2x4   gen() 33783 MB/s
[   16.616200] raid6: avx2x4   xor() 20079 MB/s
[   16.686499] raid6: using algorithm avx2x4 gen() 33783 MB/s
[   16.712136] raid6: .... xor() 20079 MB/s, rmw enabled
[   16.713086] raid6: using avx2x2 recovery algorithm
[   16.715150] xor: automatically using best checksumming function   avx       
[   16.765986] async_tx: api initialized (async)
done.
Begin: Running /scripts/init-premount ... done.[   16.868371] Btrfs loaded, crc32c=crc32c-intel

Begin: Mounting root file system ... Begin: Running /scripts/local-top ... done.
Begin: Running /scripts/local-premount ... Scanning for Btrfs filesystems
done.
Warning: fsck not present, so skipping root file system
[   16.955325] EXT4-fs (sda1): mounted filesystem with ordered data mode. Opts: (null)
done.
Begin: Running /scripts/local-bottom ... done.
Begin: Running /scripts/init-bottom ... done.
[   17.123139] ip_tables: (C) 2000-2006 Netfilter Core Team
[   17.132223] systemd[1]: systemd 237 running in system mode. (+PAM +AUDIT +SELINUX +IMA +APPARMOR +SMACK +SYSVINIT +UTMP +LIBCRYPTSETUP +GCRYPT +GNUTLS +ACL +XZ +LZ4 +SECCOMP +BLKID +ELFUTILS +KMOD -IDN2 +IDN -PCRE2 default-hierarchy=hybrid)
[   17.136142] systemd[1]: Detected virtualization oracle.
[   17.137168] systemd[1]: Detected architecture x86-64.

Welcome to [1mUbuntu 18.04.3 LTS[0m!

[   18.254070] systemd[1]: Set hostname to <ubuntu-bionic>.
[   18.638135] systemd[1]: Started Forward Password Requests to Wall Directory Watch.
[[0;32m  OK  [0m] Started Forward Password Requests to Wall Directory Watch.
[   18.643033] systemd[1]: Created slice System Slice.
[[0;32m  OK  [0m] Created slice System Slice.
[   18.648901] systemd[1]: Created slice system-serial\x2dgetty.slice.
[[0;32m  OK  [0m] Created slice system-serial\x2dgetty.slice.
[   18.657328] systemd[1]: Listening on Journal Audit Socket.
[[0;32m  OK  [0m] Listening on Journal Audit Socket.
[   18.668787] systemd[1]: Reached target Swap.
[[0;32m  OK  [0m] Reached target Swap.
[   18.898530] systemd[1]: Reached target System Time Synchronized.
[[0;32m  OK  [0m] Reached target System Time Synchronized.
[[0;32m  OK  [0m] Listening on LVM2 metadata daemon socket.
[[0;32m  OK  [0m] Listening on Journal Socket (/dev/log).
[[0;32m  OK  [0m] Reached target User and Group Name Lookups.
[[0;32m  OK  [0m] Listening on Journal Socket.
         Starting Set the console keyboard layout...
         Starting Load Kernel Modules...
         Mounting Huge Pages File System...
         Mounting Kernel Debug File System...
         Starting Uncomplicated firewall...
[[0;32m  OK  [0m] Listening on udev Kernel Socket.
         Mounting POSIX Message Queue File System...
[[0;32m  OK  [0m] Listening on LVM2 poll daemon socket.
[[0;32m  OK  [0m] Listening on /dev/initctl Compatibility Name[   19.063622] Loading iSCSI transport class v2.0-870.
d Pipe.
[[0;32m  OK  [0m] Listening on Network Service[   20.218049] iscsi: registered transport (tcp)
 Netlink Socket.
[[0;32m  OK  [0m] Listening on Device-mapper event daemon FIFOs.
         Starting Monitoring of LVM2 mirrorsâ€¦ng dmeventd or progress polling...
         Starting Create list of required stâ€¦ce nodes for the current kernel...
         Starting Remount Root and Kernel File Systems...
[   20.373933] iscsi: registered transport (iser)
[[0;32m  OK  [0m] Listening on [   20.433957] EXT4-fs (sda1): re-mounted. Opts: (null)
Syslog Socket.
         Starting Journal Service...
[[0;32m  OK  [0m] Created slice User and Session Slice.
[[0;32m  OK  [0m] Reached target Slices.
[[0;32m  OK  [0m] Listening on udev Control Socket.
         Starting udev Coldplug all Devices...
[[0;32m  OK  [0m] Set up automount Arbitrary Executabâ€¦rmats File System Automount Point.
[[0;32m  OK  [0m] Started Journal Service.
[[0;32m  OK  [0m] Started Load Kernel Modules.
[[0;32m  OK  [0m] Mounted Huge Pages File System.
[[0;32m  OK  [0m] Mounted Kernel Debug File System.
[[0;32m  OK  [0m] Started Uncomplicated firewall.
[[0;32m  OK  [0m] Mounted POSIX Message Queue File System.
[[0;32m  OK  [0m] Started Create list of required staâ€¦vice nodes for the current kernel.
[[0;32m  OK  [0m] Started Remount Root and Kernel File Systems.
[[0;32m  OK  [0m] Started LVM2 metadata daemon.
         Starting Load/Save Random Seed...
         Starting Create Static Device Nodes in /dev...
         Mounting Kernel Configuration File System...
         Starting Apply Kernel Variables...
         Mounting FUSE Control File System...
         Starting Flush Journal to Persistent Storage...
[[0;32m  OK  [0m] Started Load/Save Random Seed.
[[0;32m  OK  [0m] Started udev Coldplug all Devices.
[[0;32m  OK  [0m] Mounted Kernel Configuration File System.
[[0;32m  OK  [0m] Mounted FUSE Control File System.
[   20.593223] random: crng init done
[   20.926088] random: 7 urandom warning(s) missed due to ratelimiting
[[0;32m  OK  [0m] Started Monitoring of LVM2 mirrors,â€¦sing dmeventd or progress polling.
[[0;32m  OK  [0m] Started Create Static Device Nodes in /dev.
         Starting udev Kernel Device Manager...
[[0;32m  OK  [0m] Started Apply Kernel Variables.
[[0;32m  OK  [0m] Started udev Kernel Device Manager.
[[0;32m  OK  [0m] Started Flush Journal to Persistent Storage.
[[0;32m  OK  [0m] Found device /dev/ttyS0.
[[0;32m  OK  [0m] Listening on Load/Save RF Kill Switch Status /dev/rfkill Watch.
[[0;32m  OK  [0m] Started Set the console keyboard layout.
[[0;32m  OK  [0m] Reached target Local File Systems (Pre).
[[0;32m  OK  [0m] Reached target Local File Systems.
         Starting Set console font and keymap...
         Starting AppArmor initialization...
         Starting ebtables ruleset management...
         Starting Create Volatile Files and Directories...
         Starting Tell Plymouth To Write Out Runtime Data...
[[0;32m  OK  [0m] Started Dispatch Password Requests to Console Directory Watch.
[[0;32m  OK  [0m] Reached target Local Encrypted Volumes.
[[0;32m  OK  [0m] Started Set console font and keymap.
[[0;32m  OK  [0m] Started Create Volatile Files and Directories.
         Starting Update UTMP about System Boot/Shutdown...
[[0;32m  OK  [0m] Started Tell Plymouth To Write Out Runtime Data.
[[0;32m  OK  [0m] Started Update UTMP about System Boot/Shutdown.
[[0;32m  OK  [0m] Started ebtables ruleset management.
[[0;32m  OK  [0m] Started AppArmor initialization.
         Starting Initial cloud-init job (pre-networking)...
[   23.115382] cloud-init[638]: Cloud-init v. 19.1-1-gbaa47854-0ubuntu1~18.04.1 running 'init-local' at Tue, 29 Oct 2019 06:59:43 +0000. Up 22.90 seconds.
[[0;32m  OK  [0m] Started Initial cloud-init job (pre-networking).
[[0;32m  OK  [0m] Reached target Network (Pre).
         Starting Network Service...
[[0;32m  OK  [0m] Started Network Service.
         Starting Wait for Network to be Configured...
         Starting Network Name Resolution...
[[0;32m  OK  [0m] Started Network Name Resolution.
[[0;32m  OK  [0m] Reached target Network.
[[0;32m  OK  [0m] Reached target Host and Network Name Lookups.
[[0;32m  OK  [0m] Started Wait for Network to be Configured.
         Starting Initial cloud-init job (metadata service crawler)...
[   25.649693] cloud-init[760]: Cloud-init v. 19.1-1-gbaa47854-0ubuntu1~18.04.1 running 'init' at Tue, 29 Oct 2019 06:59:45 +0000. Up 25.53 seconds.
[   25.661133] cloud-init[760]: ci-info: ++++++++++++++++++++++++++++++++++++++Net device info+++++++++++++++++++++++++++++++++++++++
[   25.665214] cloud-init[760]: ci-info: +--------+------+-----------------------------+---------------+--------+-------------------+
[   25.667572] cloud-init[760]: ci-info: | Device |  Up  |           Address           |      Mask     | Scope  |     Hw-Address    |
[   25.684175] cloud-init[760]: ci-info: +--------+------+-----------------------------+---------------+--------+-------------------+
[   25.689828] cloud-init[760]: ci-info: | enp0s3 | True |          10.0.2.15          | 255.255.255.0 | global | 02:cc:50:df:d9:b9 |
[   25.702648] cloud-init[760]: ci-info: | enp0s3 | True |  fe80::cc:50ff:fedf:d9b9/64 |       .       |  link  | 02:cc:50:df:d9:b9 |
[   25.711745] cloud-init[760]: ci-info: | enp0s8 | True |        192.168.33.10        | 255.255.255.0 | global | 08:00:27:91:51:f9 |
[   25.714464] cloud-init[760]: ci-info: | enp0s8 | True | fe80::a00:27ff:fe91:51f9/64 |       .       |  link  | 08:00:27:91:51:f9 |
[   25.717680] cloud-init[760]: ci-info: |   lo   | True |          127.0.0.1          |   255.0.0.0   |  host  |         .         |
[   25.731492] cloud-init[760]: ci-info: |   lo   | True |           ::1/128           |       .       |  host  |         .         |
[   25.733963] cloud-init[760]: ci-info: +--------+------+-----------------------------+---------------+--------+-------------------+
[   25.736360] cloud-init[760]: ci-info: +++++++++++++++++++++++++++++Route IPv4 info+++++++++++++++++++++++++++++
[   25.746616] cloud-init[760]: ci-info: +-------+--------------+----------+-----------------+-----------+-------+
[   25.754911] cloud-init[760]: ci-info: | Route | Destination  | Gateway  |     Genmask     | Interface | Flags |
[   25.775695] cloud-init[760]: ci-info: +-------+--------------+----------+-----------------+-----------+-------+
[   25.808172] cloud-init[760]: ci-info: |   0   |   0.0.0.0    | 10.0.2.2 |     0.0.0.0     |   enp0s3  |   UG  |
[[0;32m  OK  [0m] Started Initial cloud-init job (metadata service crawler).
[   25.897063] [cloud-init[0;32m  OK  [0m[760]: ] ci-info: |   1   |   10.0.2.0   | 0.0.0.0  |  255.255.255.0  |   enp0s3  |   U   |Reached target Network is Online.

         Starting Availability of block devices...
[[0;32m  OK  [0m] Reached target Remote File Systems (Pre).
[[0;32m  OK  [0m] Reached target Remote File Systems.
[[0;32m  OK  [0m] Reached target System Initialization.
[[0;32m  OK  [0m] Listening on UUID daemon activation socket.
[[0;32m  OK  [0m] Started Daily apt download activities.
[   25.957246] cloud-init[760]: ci-info: |   2   |   10.0.2.2   | 0.0.0.0  | 255.255.255.255 |   enp0s3  |   UH  |
[[0;32m  OK  [0m] Listening on ACPID Listen Socket.
[   25.959519] cloud-init[760]: ci-info: |   3   | 192.168.33.0 | 0.0.0.0  |  255.255.255.0  |   enp0s8  |   U   |
[[0;32m  OK  [0m] Started Daily Cleanup of Temporary Directories.
[   26.010697] [[0;32m  OK  [0m] Started Daily apt upgrade and clean activities.
[[0;32m  OK  [0m] Listening on D-Bus System Message Bus Socket.
[[0;32m  OK  [0m] Started ACPI Events Check.
[[0;32m  OK  [0m] Listening on Open-iSCSI iscsid Socket.
[[0;32m  OK  [0m] Started Discard unused blocks once a week.
[[0;32m  OK  [0m] Started Message of the Day.
[[0;32m  OK  [0m] Reached target Timers.
         Starting Socket activation for snappy daemon.
cloud-init[760]: ci-info: +-------+--------------+----------+-----------------+-----------+-------+
[[0;32m  OK  [0m] Reached target Paths.
[   26.019627] cloud-init[760]: ci-info: +++++++++++++++++++Route IPv6 info+++++++++++++++++++         Starting LXD - unix socket.
[[0;32m  OK  [0m] Reached target Cloud-config availability.
[[0;32m  OK  [0m] Started Availability of block devices.
[[0;32m  OK  [0m] Listening on Socket activation for snappy daemon.

[[0;32m  OK  [0m] Listening on LXD - unix socket.
[[0;32m  OK  [0m] Reached target Sockets.
[[0;32m  OK  [0m] Reached target Basic System.
[   26.046762] [[0;32m  OK  [0m] Started FUSE filesystem for LXC.
[[0;32m  OK  [0m] Started Deferred execution scheduler.
[[0;32m  OK  [0m] Started D-Bus System Message Bus.
cloud-init[760]: ci-info: +-------+-------------+---------+-----------+-------+
[   26.054892] cloud-init[760]: ci-info: | Route | Destination | Gateway | Interface | Flags |
[   26.063095] cloud-init[760]: ci-info: +-------+-------------+---------+-----------+-------+
[   26.065517] cloud-init[760]: ci-info: |   1   |  fe80::/64  |    ::   |   enp0s8  |   U   |
[   26.067762] cloud-init[760]: ci-info: |   2   |  fe80::/64  |    ::   |   enp0s3  |   U   |
[   26.093232] cloud-init[760]: ci-info: |   4   |    local    |    ::   |   enp0s3  |   U   |
[   26.095625] cloud-init[760]: ci-info: |   5   |    local    |    ::   |   enp0s8  |   U   |
[   26.098483] cloud-init[760]: ci-info: |   6   |   ff00::/8  |    ::   |   enp0s8  |   U   |
[   26.101396] cloud-init[760]: ci-info: |   7   |   ff00::/8  |    ::   |   enp0s3  |   U   |
         Starting System Logging Service...
[   26.105762] cloud-init[760]: ci-info: +-------+-------------+---------+-----------+-------+
[[0;32m  OK  [0m] Started Regular background program processing daemon.
         Starting Daily apt upgrade and clean activities...
         Starting LSB: Record successful boot for GRUB...
         Starting Permit User Sessions...
         Starting vboxadd.service...
[[0;32m  OK  [0m] Started irqbalance daemon.
         Starting OpenBSD Secure Shell server...
         Starting LSB: automatic crash report generation...
         Starting Accounts Service...
         Starting Dispatcher daemon for systemd-networkd...
         Starting Login Service...
         Starting Snappy daemon...
         Starting LXD - container startup/shutdown...
[[0;32m  OK  [0m] Started System Logging Service.
[[0;32m  OK  [0m] Started Permit User Sessions.
         Starting Terminate Plymouth Boot Screen...
         Starting Hold until boot process finishes up...
[[0;32m  OK  [0m] Started OpenBSD Secure Shell server.
[[0;32m  OK  [0m] Started Terminate Plymouth Boot Screen.
[[0;32m  OK  [0m] Started Hold until boot process finishes up.
[[0;32m  OK  [0m] Started Login Service.
         Starting Authorization Manager...
[[0;32m  OK  [0m] Started Unattended Upgrades Shutdown.
         Starting Set console scheme...
[[0;32m  OK  [0m] Started Serial Getty on ttyS0.
[[0;32m  OK  [0m] Started Authorization Manager.
[[0;32m  OK  [0m] Started LSB: automatic crash report generation.
[[0;32m  OK  [0m] Started Accounts Service.
[[0;32m  OK  [0m] Started Set console scheme.
[[0;32m  OK  [0m] Created slice system-getty.slice.
[[0;32m  OK  [0m] Started Getty on tty1.
[[0;32m  OK  [0m] Reached target Login Prompts.
[[0;32m  OK  [0m] Started LXD - container startup/shutdown.
[[0;32m  OK  [0m] Started LSB: Record successful boot for GRUB.
[[0;32m  OK  [0m] Started Snappy daemon.
         Starting Wait until snapd is fully seeded...
[[0;32m  OK  [0m] Started Dispatcher daemon for systemd-networkd.
[[0;32m  OK  [0m] Started vboxadd.service.
[[0;32m  OK  [0m] Started Wait until snapd is fully seeded.
         Starting Apply the settings specified in cloud-config...
         Starting vboxadd-service.service...
[[0;32m  OK  [0m] Started vboxadd-service.service.
[[0;32m  OK  [0m] Reached target Multi-User System.
[[0;32m  OK  [0m] Reached target Graphical Interface.
         Starting Update UTMP about System Runlevel Changes...
[[0;32m  OK  [0m] Started Update UTMP about System Runlevel Changes.
[   27.739781] cloud-init[1319]: Cloud-init v. 19.1-1-gbaa47854-0ubuntu1~18.04.1 running 'modules:config' at Tue, 29 Oct 2019 06:59:48 +0000. Up 27.63 seconds.
[[0;32m  OK  [0m] Started Apply the settings specified in cloud-config.
         Starting Execute cloud user/final scripts...
[   28.418375] cloud-init[1432]: Cloud-init v. 19.1-1-gbaa47854-0ubuntu1~18.04.1 running 'modules:final' at Tue, 29 Oct 2019 06:59:48 +0000. Up 28.31 seconds.
[   28.427192] cloud-init[1432]: Cloud-init v. 19.1-1-gbaa47854-0ubuntu1~18.04.1 finished at Tue, 29 Oct 2019 06:59:48 +0000. Datasource DataSourceNoCloud [seed=/dev/sdb][dsmode=net].  Up 28.41 seconds
[[0;32m  OK  [0m] Started Execute cloud user/final scripts.
[[0;32m  OK  [0m] Reached target Cloud-init target.
[[0;32m  OK  [0m] Created slice User Slice of vagrant.
         Starting User Manager for UID 1000...
[[0;32m  OK  [0m] Started Session 1 of user vagrant.
[[0;32m  OK  [0m] Started User Manager for UID 1000.
[[0;32m  OK  [0m] Started Daily apt upgrade and clean activities.

Ubuntu 18.04.3 LTS ubuntu-bionic ttyS0

ubuntu-bionic login: 