[    0.000000]Linu version .10-66-gerc (buil@lgw01-aamd64-044) (gcc version 7.4.0 (Ubuntu 7.4.0-1ubuntu1~18.04.1)) #75-Ubuntu SMP Tue Oct 1 05:24:09 UTC 2019 (Ubuntu 4.15.0-66.75-generc .15.18)
[    0.00000] Command line: BOOT_IMAGE=/boot/vmlinuz-4.15.0-66-generic root=UUID=90193a21-ad75-4d43-940a-5b8d9122ba ro conletty1consle=ttyS
[    0.00000] KRNL suppoed cus:
[    0.000000]   Intel GenuineIntel
[    0.000000]   AMD AuthenticAMD[    0.000000]   Centaur CentaurHauls
[    0.00000] x86/fpu: Supporting XSAVE feare 0x001:'x7 floangpoint register
    0.00000 x8/fpu Spporing XSAVEfeture 0002: 'SSE registers'
[    0.000000] x86/fp Supporting XSA feature 0x004:'AVX rgisters'
[   .00000] 6//fpu:xstate_offset[2]:  576, xstate_zes[2]:  256[    0.000000] x86/fpu: Enabl xtatefetues 0x7, context size is 832 bytes, using 'standard' format.
[    0.000000] e80: BOS-provided physical RAM map:
[    0.000000] BIOS-e820: [mem 0x0000000000000000-0x000000000009fbff] usable
[    0.000000] BIOS-e820: [mem 0x000000000009fc00-0x000000000009ffff] reserved
[    0.000000] BIOS-e820: [mem 0x00000000000f0000-0x00000000000fffff] reserved
[    0.000000] BIOS-e82 [me 0x0000000000100000-0x000000003ffeffff] usable
[    0.000000] BIOS-820: [mem 0x000000003fff0000-0x00000003fffffff] ACPI data
[   .000000] BIOS-e820: [mem 0x0000000c00000-0x00000fec0ff] rseed
[   .000000] BS-820: [mm x000000fe000000x0000000eefff]reerved
[    00000] BIS-820: [mem x0000000fffc00-0x0000000ffffffff] reserved[    0.0000 NX (Execute Disabl potection: active
[    0.000000] SMBIOS 2.5 preset.
[  0.00000] MI innekGmbH VirtualBox/VrtalBox, BIOSirtualBo 101/206
[    0.000000Hypervisor dected: M
[  0000000 e820:ast_pfn  03fff0 x_rch_pfn = x40000000
[  .000000] MTRRDisabled
[   .00000x86/P: MTRRs disabled,skipping PAT initialization too.
[    0.00000CPU MTRRall blnk  vrtualizedsytem.
[   0.00000] 86/PT:Cofiguration0-]: W W  UC- UC W  WT  UCUC  
[   0.00000]oud SMMP-tale a [em 0009fff0-0x000ff]
[    0.000000] Scanning 1 areas fr lowmemory corruption
[   0.000000] RAMDISK: [mem 0x35983000-0x36cb8fff]
[    0.000000] ACPI: Early table checksum verification disabled
[    0.000000] ACI: RSDP 0x00000000000E000 004 (v2 VBOX)
[  0.00000 API XSD 0000000FF0030003C (v01 OX   VBXSDT 00001 SL000006)
[    0.000000] ACPI:AC 0x000000003FF0F0 00F4 (04BOX   VBOXFA 00000001AS  0000001)
[    0.000000] ACPI: DSDT 0x000000003FFF0470 021FF (v02 VBOX   VBOXBIOS 00000002 INTL 20100528)
[    0.000000] CP: FAC 000000003FFF0200 000040
[    0.0000] ACPI: FACS 0x000000003FF0200 0040
[   000000] CP: PIC x0000003FFF24 0005Cv0 VOX  BOXAPIC 00000001 ASL  00000061)
[    0.000] ACPI: SST x0000000FFF02A001C (1 VBOX VBXCCPUT 000002INTL 20028)
[   .000000] No NUMA configuration found
[    0.000000] Faking a node at [mem 0x0000000000000000-0x000000003ffeffff]
[    0.000000] NODE_DATA(0) allocated [mem 0x3ffc5000-0x3ffeffff]
[    0.000000] kvm-clock: cpu 0, msr 0:3ff44001, primary cpu clock
[    0.000000] kvm-clock: Using msrs 4b564d01 and 4b564d00
[    0.000000] kvm-clock: using sched offset of 3735612768 cycles
[    0.000000] clocksource: kvm-clock: mask: 0xffffffffffffffff max_cycles: 0x1cd42e4dffb, max_idle_ns: 881590591483 ns
[    0.0000] Zone ranes
[[    0.000000]   DM    [mem 0x000000000001000x00000000fffff]
[    0.000000]   DMA32    [m 00000000000000-00000000fefff]
[    0.000000]   Norml   mpy
[    0.000]   evce   empt
[  0.000000] Movable zone start for each node
[    0.000000] Early memory node ranges
[    0.000000]   node   0: [mem 0x0000000000001000-0x000000000009efff]
[    0.000000]   node   0: [mem 0x0000000000100000-0x000000003ffeffff]
[    0.000000] Reserved but unavailable: 98 pages
[    0.000000] Initmem setup node 0 [mem 0x0000000000001000-0x000000003ffeffff]
[    0.000000] ACPI: PM-Timer IO Port: 0x4008
[    0.000000] IOAPIC[0]: apic_id 2, version 32, address 0xfec00000, GSI 0-23
[    0.000000] ACPI: INT_SRC_OVR (bus 0 bus_irq 0 global_irq 2 dfl dfl)
[    0.000000] ACPI: INT_SRC_OVR (bus 0 bus_irq 9 global_irq 9 low level)
[    0.000000] Using ACPI (MADT) for SMP configuration information
[    0.000000 spboo: lowing 2 PU, 0 hotplug CPUs
[    0.000000] PM: Registered nosave memory: [mem 0x00000000-0x00000ff]
[    0.000000] PM: Registered noave memor [em 0009f000-x009fff]
[    0.0000]M:Registerd osavemery: me 0x00a000-0x000eff]
[    0.000] P: egistednosaveemory:[m 0x00000-0x000fffff]
[    0.000000] e82: [mem 0x40000000-0xfebfffff] available for PCI devices
[    0.000000] Booting paravirtualized kernl on KVM
[    0.000000] clocksouurce: refined-jffiesmask: 0ffffffmacycles: ffffff maxdl_ns: 74519600215 ns    0.000000 random: get_ranm_ytes called from stat_ernel+x9/0x4fdit cr_init=0[   0.00000] tup_percpu: NR_CPUS:8192r_cpumask_bits:2 nr_cpu_ids:2 nr_node_ids:1
[    0.000000] percpu: Embedded 46 pages/cpu s151552 r8192 d28672 u1048576
[    0.000000] PV qspinlock hash table entries: 256 (ordr:0, 4096 bys)
[    0.00000] Blt 1 znelits mobliy grupng on.  Totalpaes 2913
[  0000000] olcy ze: DMA
    0.000000] Kernel ommand li: BOOT_IMGEboot/vmliz-4.15.066-gneric oot=UID=90193a21-ad75-4d43-940a-5b85d91242ba ro console=tty1 console=ttyS0
[    0.000000] Memory: 982908K/1048120K availabe (12300K kernel code, 2481K rwdata, 4260K rodata, 2436K init, 2388K bss, 65212K reserved, 0K cma-reserved)
[    0.00000] LUB: HWalin=6, Order=-3 Minbjcts=0, CPUs= Nodes=

[    0.000000] Kernel/User page tables isolation: enabld
[    0.000000] frace: alloatng 39306ntriesn 54 pages[    0.00400 Hierarchial RCU implemntation.
[  0.004000] RC restrictig Us fom N_CPUS=819 t nr_u_ids=2.
[   .004000] 	Tasks RCU enabled.
[    0.004000] RCU: Adjusting geometry for rcu_fanout_leaf=16, nr_cpu_ids=2
[    0.004000] NR_IRS: 524544, nr_irqs: 440, preallocated irqs: 16
[    0.004000] Console: colour VGA+ 80x25
   0.000] cool [tty1] enabled
[   .04000] console [tyS] enabled
[    .04000 API: ore revisio2070831
  0.00400]ACPI: 2 ACPIAML tales ucssfully qured d oade
   0.004000] APIC: Switch to symmetric I/O mode setup
[    0.004219] x2apic enabled
[    0.008009] Switched APIC routing to physical x2apic.
[    0.012854] ..TIMER: vector=0x30 apic1=0 pin1=2 apic2=-1 pin2=-1
[    0.016005] tsc: Detected 2400.000 MHz processor
[    0.020014] Calibrating delay loop (skipped) preset value.. 4800.00 BogoMIPS (lpj=9600000)
[    0.021754] pid_max: default: 32768 minimum: 301
[    0.024046] Security Framework initialized
[    0.024975] Yama: becoming mindful.
[    0.025940] AppArmor: AppArmor initialized
[    0.028048] Dentry cache hash table entries: 131072 (order: 8, 1048576 bytes)
[    0.032073] Inode-cache hash table entries: 65536 (order: 7, 524288 bytes)
[    0.036037] Mount-cache hash table entries: 2048 (order: 2, 16384 bytes)
[    0.040016] Mountpoint-cache hash table entries: 2048 (order: 2, 16384 bytes)
[    0.041540] Last level iTLB entries: 4KB 64, 2MB 8, 4MB 8
[    0.042462] Last level dTLB entries: 4KB 64, 2MB 0, 4MB 0, 1GB 4
[    0.043451] Spectre V1 : Mitigation: usercopy/swapgs barriers and __user pointer sanitization
[    0.044005] Spectre V2 : Mitigation: Full generic retpoline
[    0.044914] Spectre V2 : Spectre v2 / SpectreRSB mitigation: Filling RSB on context switch
[    0.046298] Speculative Store Bypass: Vulnerable
[    0.048042] MDS: Vulnerable: Clear CPU buffers attempted, no microcode
[    0.052277] Freeing SMP alternatives memory: 36K
[    0.163321] smpboot: CPU0: Intel(R) Core(TM) i5-8279U CPU @ 2.40GHz (family: 0x6, model: 0x8e, stepping: 0xa)
[    0.164123] Performance Events: unsupported p6 CPU model 142 no PMU driver, software events only.
[    0.168073] Hierarchical SRCU implementation.
[    0.172551] NMI watchdog: Perf event create on CPU 0 failed with -2
[    0.176008] NMI watchdog: Perf NMI watchdog permanently disabled
[    0.180133] smp: Bringing up secondary CPUs ...
[    0.184122] x86: Booting SMP configuration:
[    0.188009] .... node  #0, CPUs:      #1
[    0.004000] kvm-clock: cpu 1, msr 0:3ff44041, secondary cpu clock
[    0.275448] smp: Brought up 1 node, 2 CPUs
[    0.276013] smpboot: Max logical packages: 1
[    0.280010] smpboot: Total of 2 processors activated (9600.00 BogoMIPS)
[    0.284152] devtmpfs: initialized
[    0.288095] x86/mm: Memory block size: 128MB
[    0.289291] evm: security.selinux
[    0.290200] evm: security.SMACK64
[    0.292006] evm: security.SMACK64EXEC
[    0.296005] evm: security.SMACK64TRANSMUTE
[    0.296834] evm: security.SMACK64MMAP
[    0.300003] evm: security.apparmor
[    0.300849] evm: security.ima
[    0.304005] evm: security.capability
[    0.304818] clocksource: jiffies: mask: 0xffffffff max_cycles: 0xffffffff, max_idle_ns: 7645041785100000 ns
[    0.308026] futex hash table entries: 512 (order: 3, 32768 bytes)
[    0.313385] pinctrl core: initialized pinctrl subsystem
[    0.314817] RTC time:  5:25:56, date: 11/28/19
[    0.316240] NET: Registered protocol family 16
[    0.319499] audit: initializing netlink subsys (disabled)
[    0.320053] audit: type=2000 audit(1574918747.074:1): state=initialized audit_enabled=0 res=1
[    0.321579] cpuidle: using governor ladder
[    0.321579] cpuidle: using governor menu
[    0.324049] ACPI: bus type PCI registered
[    0.324734] acpiphp: ACPI Hot Plug PCI Controller Driver version: 0.5
[    0.325887] PCI: Using configuration type 1 for base access
[    0.328238] HugeTLB registered 2.00 MiB page size, pre-allocated 0 pages
[    0.329132] ACPI: Added _OSI(Module Device)
[    0.329132] ACPI: Added _OSI(Processor Device)
[    0.329564] ACPI: Added _OSI(3.0 _SCP Extensions)
[    0.332003] ACPI: Added _OSI(Processor Aggregator Device)
[    0.333050] ACPI: Added _OSI(Linux-Dell-Video)
[    0.333881] ACPI: Added _OSI(Linux-Lenovo-NV-HDMI-Audio)
[    0.334837] ACPI: Added _OSI(Linux-HPI-Hybrid-Graphics)
[    0.336099] ACPI: Executed 1 blocks of module-level executable AML code
[    0.339892] ACPI: Interpreter enabled
[    0.340018] ACPI: (supports S0 S5)
[    0.340643] ACPI: Using IOAPIC for interrupt routing
[    0.344408] PCI: Using host bridge windows from ACPI; if necessary, use "pci=nocrs" and report a bug
[    0.348212] ACPI: Enabled 2 GPEs in block 00 to 07
[    0.360099] ACPI: PCI Root Bridge [PCI0] (domain 0000 [bus 00-ff])
[    0.364018] acpi PNP0A03:00: _OSC: OS supports [ASPM ClockPM Segments MSI]
[    0.368057] acpi PNP0A03:00: _OSC: not requesting OS control; OS requires [ExtendedConfig ASPM ClockPM MSI]
[    0.372030] acpi PNP0A03:00: fail to add MMCONFIG information, can't access extended PCI configuration space under this bridge.
[    0.376421] PCI host bridge to bus 0000:00
[    0.380012] pci_bus 0000:00: root bus resource [io  0x0000-0x0cf7 window]
[    0.384011] pci_bus 0000:00: root bus resource [io  0x0d00-0xffff window]
[    0.388012] pci_bus 0000:00: root bus resource [mem 0x000a0000-0x000bffff window]
[    0.392014] pci_bus 0000:00: root bus resource [mem 0x40000000-0xfdffffff window]
[    0.396011] pci_bus 0000:00: root bus resource [bus 00-ff]
[    0.406287] pci 0000:00:01.1: legacy IDE quirk: reg 0x10: [io  0x01f0-0x01f7]
[    0.408006] pci 0000:00:01.1: legacy IDE quirk: reg 0x14: [io  0x03f6]
[    0.412010] pci 0000:00:01.1: legacy IDE quirk: reg 0x18: [io  0x0170-0x0177]
[    0.416011] pci 0000:00:01.1: legacy IDE quirk: reg 0x1c: [io  0x0376]
[    0.435146] pci 0000:00:07.0: quirk: [io  0x4000-0x403f] claimed by PIIX4 ACPI
[    0.436019] pci 0000:00:07.0: quirk: [io  0x4100-0x410f] claimed by PIIX4 SMB
[    0.449352] ACPI: PCI Interrupt Link [LNKA] (IRQs 5 9 10 *11)
[    0.456227] ACPI: PCI Interrupt Link [LNKB] (IRQs 5 9 *10 11)
[    0.460149] ACPI: PCI Interrupt Link [LNKC] (IRQs 5 *9 10 11)
[    0.461198] ACPI: PCI Interrupt Link [LNKD] (IRQs 5 9 10 *11)
[    0.468351] SCSI subsystem initialized
[    0.472086] pci 0000:00:02.0: vgaarb: setting as boot VGA device
[    0.476000] pci 0000:00:02.0: vgaarb: VGA device added: decodes=io+mem,owns=io+mem,locks=none
[    0.476014] pci 0000:00:02.0: vgaarb: bridge control possible
[    0.480008] vgaarb: loaded
[    0.484060] ACPI: bus type USB registered
[    0.488050] usbcore: registered new interface driver usbfs
[    0.492041] usbcore: registered new interface driver hub
[    0.496061] usbcore: registered new device driver usb
[    0.500101] EDAC MC: Ver: 3.0.0
[    0.504319] PCI: Using ACPI for IRQ routing
[    0.508369] NetLabel: Initializing
[    0.512009] NetLabel:  domain hash size = 128
[    0.516006] NetLabel:  protocols = UNLABELED CIPSOv4 CALIPSO
[    0.520046] NetLabel:  unlabeled traffic allowed by default
[    0.524098] clocksource: Switched to clocksource kvm-clock
[    0.536714] VFS: Disk quotas dquot_6.6.0
[    0.538027] VFS: Dquot-cache hash table entries: 512 (order 0, 4096 bytes)
[    0.540782] AppArmor: AppArmor Filesystem Enabled
[    0.541923] pnp: PnP ACPI init
[    0.543872] pnp: PnP ACPI: found 3 devices
[    0.525 cocsoceacpipmma: 0xffffff m_cle 0fff, max_idlns: 08014 ns
[  1882]ETRested potocol family 2

[    1.605445] TCP established hash table entries: 8192 (order: 4, 6556 te)
[  1985]CPbind hash table entrie 82 (ode 51372ytes)
[    2.1808 TCPHa tles congured (estaisd 92in81)

[    2.678127] UDP hash table entries: 512 (order: 2, 16384 bytes)
[    2.680606] UDP-Lite hah table entries: 512 (order: 2, 16384 byes
  2.464]NET: Regstedrocofaly 1
[  3.167249] pci 000:0000: mingirt I/I aner
[  3.686716] pci 00:00:01.0: Activating ISA DMA hang workarounds
[   3.748]pci 000:.0Vide dic wh haowed ROM at [mem 0x000c0000x0dff
[  45159Uncking inras.
[    5.032367] Freeing initrd memory: 19672K
[    5.097235] clocksource: tsc: mask: 0xffffffffffffffff max_cycles: 0x22983777dd9, max_idle_ns: 440795300422 ns
[    5.232790] platform rtc_cmos: registered platform RTC device (no PNP device found)
[    5.344699] Scanning for low memory corruption every 60 seconds
[    5.451142] Initialise system trusted keyrings
[    5.508662] Key type blacklist registered
[    5.572289] workingset: timestamp_bits=36 max_order=18 bucket_order=0
[    5.650470] zbud: loaded
[    5.690018] squashfs: version 4.0 (2009/01/31) Phillip Lougher
[    5.703012] fuse init (API version 7.26)
[    5.748610] Key type asymmetric registered
[    5.806000] Asymmetric key parser 'x509' registered
[    5.873794] Block layer SCSI generic (bsg) driver version 0.4 loaded (major 246)
[    5.912691] io scheduler noop registered
[    5.916881] io scheduler deadline registered
[    5.920912] io scheduler cfq registered (default)
[    5.922511] ACPI: AC Adapter [AC] (off-line)
[    5.923604] input: Power Button as /devices/LNXSYSTM:00/LNXPWRBN:00/input/input0
[    5.925326] ACPI: Power Button [PWRF]
[    5.928598] input: Sleep Button as /devices/LNXSYSTM:00/LNXSLPBN:00/input/input1
[    5.937583] ACPI: Sleep Button [SLPF]
[    5.942185] ACPI: Battery Slot [BAT0] (battery present)
[    5.944909] Serial: 8250/16550 driver, 32 ports, IRQ sharing enabled
[    5.987674] 00:02: ttyS0 at I/O 0x3f8 (irq = 4, base_baud = 115200) is a 16550A
[    6.197] inux agpgart interface v0.103
[    6.280033] loop: module loaded
[    6.321276] scsi host0: ata_piix
[    6.362030] scsi host1: ata_piix
[    6.424401] ata1: PATA max UDMA/33 cmd 0x1f0 ctl 0x3f6 bmdma 0xd000 irq 14
[    6.536291] ata2: PATA max UDMA/33 cmd 0x170 ctl 0x376 bmdma 0xd008 irq 15
[    6.652412] libphy: Fixed MDIO Bus: probed
[    6.7589] un: Unirsal TUN/T dic drier, 1.6

[    7.024671] PPP generic driver version 2.4.2
[    7.032390] ehci_hcd: USB 2.0 'Enhanced' Host Controller (EHCI) Driver
[    7.033448] ehci-pci: EHCI PCI platform driver
[    7.034226] ehci-platform: EHCI generic platform driver
[    7.035098] ohci_hcd: USB 1.1 'Open' Host Controller (OHCI) Driver
[    7.036121] ohci-pci: OHCI PCI platform driver
[    7.068534] ohci-platform: OHCI generic platform driver
[    7.131025] uhci_hcd: USB Universal Host Controller Interface driver
[    7.149688] i8042: PNP: PS/2 Controller [PNP0303:PS2K,PNP0f03:PS2M] at 0x60,0x64 irq 1,12
[    7.151582] serio: i8042 KBD port at 0x60,0x64 irq 1
[    7.152486] serio: i8042 AUX port at 0x60,0x64 irq 12
[    7.153570] mousedev: PS/2 mouse device common for all mice
[    7.217322] rtc_cmos rtc_cmos: rtc core: registered rtc_cmos as rtc0
[    7.225628] rtc_cmos rtc_cmos: alarms up to one day, 114 bytes nvram
[    7.231354] input: AT Translated Set 2 keyboard as /devices/platform/i8042/serio0/input/input2
[    7.232925] i2c /dev entries driver
[    7.233708] device-mapper: uevent: version 1.0.3
[    7.234614] device-mapper: ioctl: 4.37.0-ioctl (2017-09-20) initialised: dm-devel@redhat.com
[    7.236091] ledtrig-cpu: registered to indicate activity on CPUs
[    7.237575] NET: Registered protocol family 10
[    7.241377] Segment Routing with IPv6
[    7.250930] NET: Registered protocol family 17
[    7.251973] Key type dns_resolver registered
[    7.351553] mce: Using 0 MCE banks
[    7.471551] RAS: Correctable Errors collector initialized.
[    7.581711] sched_clock: Marking stable (7581679618, 0)->(23941238033, -16359558415)
[    7.833148] registered taskstats version 1
[    7.964967] Loading compiled-in X.509 certificates
[    8.054159] Loaded X.509 cert 'Build time autogenerated kernel key: 01a66adcc10ca4ce7676a3458c33483b0e2b806e'
[    8.070886] zswap: loaded using pool lzo/zbud
[    8.077011] Key type big_key registered
[    8.078172] Key type trusted registered
[    8.082140] Key type encrypted registered
[    8.083240] AppArmor: AppArmor sha1 policy hashing enabled
[    8.087003] ima: No TPM chip found, activating TPM-bypass! (rc=-19)
[    8.089502] ima: Allocated hash algorithm: sha1
[    8.090694] evm: HMAC attrs: 0x1
[    8.091802]   Magic number: 11:39:417
[    8.094167] rtc_cmos rtc_cmos: setting system clock to 2019-11-28 05:26:06 UTC (1574918766)
[    8.097533] BIOS EDD facility v0.16 2004-Jun-25, 0 devices found
[    8.098875] EDD information not available.
[    8.102319] Freeing unused kernel image memory: 2436K
[    8.120527] Write protecting the kernel read-only data: 20480k
[    8.221631] Freeing unused kernel image memory: 2008K
[    8.397582] Freeing unused kernel image memory: 1884K
[    8.574726] x86/mm: Checked W+X mappings: passed, no W+X pages found.
[    8.691562] x86/mm: Checking user space page tables
[    8.705960] x86/mm: Checked W+X mappings: passed, no W+X pages found.
Loading, please wait...
starting version 237
[    9.003735] e1000: Intel(R) PRO/1000 Network Driver - version 7.3.21-k8-NAPI
[    9.147551] e1000: Copyright (c) 1999-2006 Intel Corporation.
[    9.168993] Fusion MPT base driver 3.04.20
[    9.187186] Copyright (c) 1999-2008 LSI Corporation
[    9.197030] Fusion MPT SPI Host driver 3.04.20
[    9.203453] AVX2 version of gcm_enc/dec engaged.
[    9.237769] AES CTR mode by8 optimization enabled
[    9.415351] input: ImExPS/2 Generic Explorer Mouse as /devices/platform/i8042/serio1/input/input4
[    9.616190] e1000 0000:00:03.0 eth0: (PCI:33MHz:32-bit) 02:cc:50:df:d9:b9
[   11.002634] e1000 0000:00:03.0 eth0: Intel(R) PRO/1000 Network Connection
[   12.274399] mptbase: ioc0: Initiating bringup
[   12.461049] ioc0: LSI53C1030 A0: Capabilities={Initiator}
[   13.856661] scsi host2: ioc0: LSI53C1030 A0, FwRev=00000000h, Ports=1, MaxQ=256, IRQ=20
[   14.321545] scsi 2:0:0:0: Direct-Access     VBOX     HARDDISK         1.0  PQ: 0 ANSI: 5
[   15.280095] scsi target2:0:0: Beginning Domain Validation
[   15.362787] scsi target2:0:0: Domain Validation skipping write tests
[   15.363876] scsi target2:0:0: Ending Domain Validation
[   15.364827] scsi target2:0:0: asynchronous
[   15.366140] scsi 2:0:1:0: Direct-Access     VBOX     HARDDISK         1.0  PQ: 0 ANSI: 5
[   15.381005] e1000 0000:00:08.0 eth1: (PCI:33MHz:32-bit) 08:00:27:91:51:f9
[   15.510544] e1000 0000:00:08.0 eth1: Intel(R) PRO/1000 Network Connection
[   15.628495] e1000 0000:00:03.0 enp0s3: renamed from eth0
[   15.660110] scsi target2:0:1: Beginning Domain Validation
[   15.661887] e1000 0000:00:08.0 enp0s8: renamed from eth1
[   15.671008] random: fast init done
[   15.672782] scsi target2:0:1: Domain Validation skipping write tests
[   15.676304] scsi target2:0:1: Ending Domain Validation
[   15.677746] scsi target2:0:1: asynchronous
[   15.681599] random: systemd-udevd: uninitialized urandom read (16 bytes read)
[   15.683686] random: systemd-udevd: uninitialized urandom read (16 bytes read)
[   15.686724] random: systemd-udevd: uninitialized urandom read (16 bytes read)
[   15.691484] sd 2:0:0:0: Attached scsi generic sg0 type 0
[   15.692553] sd 2:0:0:0: [sda] 20971520 512-byte logical blocks: (10.7 GB/10.0 GiB)
[   15.693941] sd 2:0:0:0: [sda] Write Protect is off
[   15.694928] sd 2:0:0:0: [sda] Incomplete mode parameter data
[   15.695862] sd 2:0:0:0: [sda] Assuming drive cache: write through
[   15.696969] sd 2:0:1:0: Attached scsi generic sg1 type 0
[   15.721252] sd 2:0:1:0: [sdb] 20480 512-byte logical blocks: (10.5 MB/10.0 MiB)
[   15.841367] sd 2:0:1:0: [sdb] Write Protect is off
[   16.278875] sd 2:0:1:0: [sdb] Incomplete mode parameter data
[   17.126131] sd 2:0:1:0: [sdb] Assuming drive cache: write through
[   17.686367]  sda: sda1
[   17.688217] sd 2:0:1:0: [sdb] Attached SCSI disk
[   17.761624] sd 2:0:0:0: [sda] Attached SCSI disk
Begin: Loading essential drivers ... [   19.180009] raid6: sse2x1   gen() 13217 MB/s
[   19.276522] raid6: sse2x1   xor()  9611 MB/s
[   19.368266] raid6: sse2x2   gen() 15820 MB/s
[   19.464355] raid6: sse2x2   xor() 11199 MB/s
[   19.512022] raid6: sse2x4   gen() 17899 MB/s
[   19.584557] raid6: sse2x4   xor() 11753 MB/s
[   19.688243] raid6: avx2x1   gen() 26960 MB/s
[   19.780029] raid6: avx2x1   xor() 18210 MB/s
[   19.892036] raid6: avx2x2   gen() 31935 MB/s
[   19.996102] raid6: avx2x2   xor() 18736 MB/s
[   20.048224] raid6: avx2x4   gen() 34750 MB/s
[   20.168221] raid6: avx2x4   xor() 21425 MB/s
[   20.220662] raid6: using algorithm avx2x4 gen() 34750 MB/s
[   20.295356] raid6: .... xor() 21425 MB/s, rmw enabled
[   20.361347] raid6: using avx2x2 recovery algorithm
[   20.437752] xor: automatically using best checksumming function   avx       
[   20.612171] async_tx: api initialized (async)
done.
Begin: Running /scripts/init-p[   20.720717] Btrfs loaded, crc32c=crc32c-intel
remount ... done.
Begin: Mounting root file system ... Begin: Running /scripts/local-top ... done.
Begin: Running /scripts/local-premount ... Scanning for Btrfs filesystems
done.
Warning: fsck not present, so skipping root file system
[   20.926076] EXT4-fs (sda1): mounted filesystem with ordered data mode. Opts: (null)
done.
Begin: Running /scripts/local-bottom ... done.
Begin: Running /scripts/init-bottom ... done.
[   21.103367] ip_tables: (C) 2000-2006 Netfilter Core Team
[   21.110936] systemd[1]: systemd 237 running in system mode. (+PAM +AUDIT +SELINUX +IMA +APPARMOR +SMACK +SYSVINIT +UTMP +LIBCRYPTSETUP +GCRYPT +GNUTLS +ACL +XZ +LZ4 +SECCOMP +BLKID +ELFUTILS +KMOD -IDN2 +IDN -PCRE2 default-hierarchy=hybrid)
[   21.114498] systemd[1]: Detected virtualization oracle.
[   21.115430] systemd[1]: Detected architecture x86-64.

Welcome to [1mUbuntu 18.04.3 LTS[0m!

[   21.141942] systemd[1]: Set hostname to <ubuntu-bionic>.
[   22.472447] systemd[1]: Created slice User and Session Slice.
[[0;32m  OK  [0m] Created slice User and Session Slice.
[   22.474325] systemd[1]: Reached target System Time Synchronized.
[[0;32m  OK  [0m] Reached target System Time Synchronized.
[   22.491548] systemd[1]: Created slice System Slice.
[[0;32m  OK  [0m] Created slice System Slice.
[   23.488631] systemd[1]: Listening on Syslog Socket.
[[0;32m  OK  [0m] Listening on Syslog Socket.
[   24.226519] systemd[1]: Listening on LVM2 poll daemon socket.
[[0;32m  OK  [0m] Listening on LVM2 poll daemon socket.
[   25.181227] systemd[1]: Listening on Journal Socket.
[[0;32m  OK  [0m] Listening on Journal Socket.
[   26.237637] systemd[1]: Starting Set the console keyboard layout...
         Starting Set the console keyboard layout...
[   26.305154] systemd[1]: Reached target Slices.
[[0;32m  OK  [0m] Reached target Slices.
[   26.368816] systemd[1]: Mounting POSIX Message Queue File System...
         Mounting POSIX Message Queue File System...
[   26.370808] systemd[1]: Listening on udev Kernel Socket.
[[0;32m  OK  [0m] Listening on udev Kernel Socket.
[   26.385944] systemd[1]: Starting Remount Root and Kernel File Systems...
         Starting Remount Root and Kernel File Systems...
[   26.457466] EXT4-fs (sda1): re-mounted. Opts: (null)
[   26.465032] systemd[1]: Mounting Huge Pages File System...
         Mounting Huge Pages File System...
[   26.468713] systemd[1]: Listening on Network Service Netlink Socket.
[[0;32m  OK  [0m] Listening on Network Service Netlink Socket.
[   26.473425] systemd[1]: Mounting Kernel Debug File System...
         Mounting Kernel Debug File System...
[   26.480399] systemd[1]: Reached target User and Group Name Lookups.
[[0;32m  OK  [0m] Reached target User and Group Name Lookups.
[   26.486143] systemd[1]: Starting Create list of required static device nodes for the current kernel...
         Starting Create list of required stâ€¦ce nodes for the current kernel...
[[0;32m  OK  [0m] Listening on udev Control Socket.
[[0;32m  OK  [0m] Started Forward Password Requests to Wall Directory Watch.
[[0;32m  OK  [0m] Reached target Swap.
[[0;32m  OK  [0m] Listening on Journal Audit Socket.
[[0;32m  OK  [0m] Listening on LVM2 metadata daemon socket.
[[0;32m  OK  [0m] Listening on Device-mapper event daemon FIFOs.
         Starting Uncomplicated firewall...
[[0;32m  OK  [0m] Set up automount Arbitrary Executabâ€¦rmats File System Automount Point.
[[0;32m  OK  [0m] Listening on Journal Socket (/dev/log).
         Starting Journal Service...
         Starting Load Kernel Modules...
[[0;32m  OK  [0m] Created slice system-serial\x2dgetty.slice.
         Starting Monitoring of LVM2 mirrorsâ€¦ng dmeventd or progress polling...
         Starting udev Coldplug all Devices...
[[0;32m  OK  [0m] Listening on /dev/initctl Compatibility Named Pipe.
[[0;32m  OK  [0m] Mounted POSIX Message Queue File System.
[[0;32m  OK  [0m] Started Remount Root and Kernel File Systems.
[[0;32m  OK  [0m] Mounted Huge Pages File System.
[[0;32m  OK  [0m] Mounted Kernel Debug File System.
[[0;32m  OK  [0m] Started Create list of required staâ€¦vice nodes for the current kernel.
[[0;32m  OK  [0m] Started Uncomplicated firewall.
         Starting Create Static Device Nodes in [   26.581214] Loading iSCSI transport class v2.0-870.
/dev...
[   26.738669] iscsi: registered transport (tcp)
         Starting Load/Save Random Seed...
[[0;32m  OK  [0m] Started Journal Service.
[[0;32m  OK  [0m] Started udev Col[   26.849990] random: crng init done
dplug all Device[   26.953180] random: 7 urandom warning(s) missed due to ratelimiting
s.
[[0;32m  OK  [0[   27.121182] iscsi: registered transport (iser)
m] Started Create Static Device Nodes in /dev.
[[0;32m  OK  [0m] Started Load Kernel Modules.
[[0;32m  OK  [0m] Started Load/Save Random Seed.
[[0;32m  OK  [0m] Started LVM2 metadata daemon.
         Mounting Kernel Configuration File System...
         Mounting FUSE Control File System...
         Starting Apply Kernel Variables...
         Starting udev Kernel Device Manager...
         Starting Flush Journal to Persistent Storage...
[[0;32m  OK  [0m] Started Monitoring of LVM2 mirrors,â€¦sing dmeventd or progress polling.
[[0;32m  OK  [0m] Mounted Kernel Configuration File System.
[[0;32m  OK  [0m] Mounted FUSE Control File System.
[[0;32m  OK  [0m] Started udev Kernel Device Manager.
[[0;32m  OK  [0m] Started Apply Kernel Variables.
[[0;32m  OK  [0m] Started Flush Journal to Persistent Storage.
[[0;32m  OK  [0m] Started Set the console keyboard layout.
[[0;32m  OK  [0m] Reached target Local File Systems (Pre).
[[0;32m  OK  [0m] Reached target Local File Systems.
         Starting Create Volatile Files and Directories...
         Starting ebtables ruleset management...
         Starting AppArmor initialization...
         Starting Set console font and keymap...
         Starting Tell Plymouth To Write Out Runtime Data...
[[0;32m  OK  [0m] Started Dispatch Password Requests to Console Directory Watch.
[[0;32m  OK  [0m] Reached target Local Encrypted Volumes.
[[0;32m  OK  [0m] Started Create Volatile Files and Directories.
[[0;32m  OK  [0m] Started Set console font and keymap.
[[0;32m  OK  [0m] Started Tell Plymouth To Write Out Runtime Data.
[[0;32m  OK  [0m] Found device /dev/ttyS0.
[[0;32m  OK  [0m] Started ebtables ruleset management.
[[0;32m  OK  [0m] Listening on Load/Save RF Kill Switch Status /dev/rfkill Watch.
         Starting Update UTMP about System Boot/Shutdown...
[[0;32m  OK  [0m] Started Update UTMP about System Boot/Shutdown.
[[0;32m  OK  [0m] Started AppArmor initialization.
         Starting Initial cloud-init job (pre-networking)...
[   28.843660] cloud-init[667]: Cloud-init v. 19.1-1-gbaa47854-0ubuntu1~18.04.1 running 'init-local' at Thu, 28 Nov 2019 05:26:27 +0000. Up 28.67 seconds.
[[0;32m  OK  [0m] Started Initial cloud-init job (pre-networking).
[[0;32m  OK  [0m] Reached target Network (Pre).
         Starting Network Service...
[[0;32m  OK  [0m] Started Network Service.
         Starting Network Name Resolution...
         Starting Wait for Network to be Configured...
[[0;32m  OK  [0m] Started Network Name Resolution.
[[0;32m  OK  [0m] Reached target Host and Network Name Lookups.
[[0;32m  OK  [0m] Reached target Network.
[[0;32m  OK  [0m] Started Wait for Network to be Configured.
         Starting Initial cloud-init job (metadata service crawler)...
[   31.325469] cloud-init[781]: Cloud-init v. 19.1-1-gbaa47854-0ubuntu1~18.04.1 running 'init' at Thu, 28 Nov 2019 05:26:29 +0000. Up 31.21 seconds.
[   31.374692] cloud-init[781]: ci-info: ++++++++++++++++++++++++++++++++++++++Net device info+++++++++++++++++++++++++++++++++++++++
[   31.396594] cloud-init[781]: ci-info: +--------+------+-----------------------------+---------------+--------+-------------------+
[   31.398363] cloud-init[781]: ci-info: | Device |  Up  |           Address           |      Mask     | Scope  |     Hw-Address    |
[   31.400122] cloud-init[781]: ci-info: +--------+------+-----------------------------+---------------+--------+-------------------+
[   31.401766] cloud-init[781]: ci-info: | enp0s3 | True |          10.0.2.15          | 255.255.255.0 | global | 02:cc:50:df:d9:b9 |
[   31.403433] cloud-init[781]: ci-info: | enp0s3 | True |  fe80::cc:50ff:fedf:d9b9/64 |       .       |  link  | 02:cc:50:df:d9:b9 |
[   31.406352] cloud-init[781]: ci-info: | enp0s8 | True |        192.168.33.10        | 255.255.255.0 | global | 08:00:27:91:51:f9 |
[   31.416334] cloud-init[781]: ci-info: | enp0s8 | True | fe80::a00:27ff:fe91:51f9/64 |       .       |  link  | 08:00:27:91:51:f9 |
[   31.436831] cloud-init[781]: ci-info: |   lo   | True |          127.0.0.1          |   255.0.0.0   |  host  |         .         |
[[   31.497117] cloud-init[781]: ci-info: |   lo   | True |           ::1/128           |       .       |  host  |         .         |
[   31.497259] cloud-init[781]: ci-info: +--------+------+-----------------------------+---------------+--------+-------------------+
[0;32m  OK  [0m] Started Initial cloud-init job (metadata service crawler).
[   31.497615] cloud-init[781]: ci-info: +++++++++++++++++++++++++++++Route IPv4 info+++++++++++++++++++++++++++++
[[   31.556722] cloud-init[781]: ci-info: +-------+--------------+----------+-----------------+-----------+-------+
[   31.556954] cloud-init[781]: ci-info: | Route | Destination  | Gateway  |     Genmask     | Interface | Flags |
[0;32m  OK  [0m] Reached target System Initialization.
[   31.557326] cloud-init[781]: ci-info: +-------+--------------+----------+-----------------+-----------+-------+
[[   31.764924] cloud-init[781]: ci-info: |   0   |   0.0.0.0    | 10.0.2.2 |     0.0.0.0     |   enp0s3  |   UG  |
[   31.765490] cloud-init[781]: ci-info: |   1   |   10.0.2.0   | 0.0.0.0  |  255.255.255.0  |   enp0s3  |   U   |
[0;32m  OK  [0m] Started Message of the Day.
[   31.765979] cloud-init[781]: ci-info: |   2   |   10.0.2.2   | 0.0.0.0  | 255.255.255.255 |   enp0s3  |   UH  |
[[   31.907462] cloud-init[781]: ci-info: |   3   | 192.168.33.0 | 0.0.0.0  |  255.255.255.0  |   enp0s8  |   U   |
[   31.907655] cloud-init[781]: ci-info: +-------+--------------+----------+-----------------+-----------+-------+
[0;32m  OK  [0m] Started Discard unused blocks once a week.
[   31.908029] cloud-init[781]: ci-info: +++++++++++++++++++Route IPv6 info+++++++++++++++++++
[[   31.922165] cloud-init[781]: ci-info: +-------+-------------+---------+-----------+-------+
[   31.922341] cloud-init[781]: ci-info: | Route | Destination | Gateway | Interface | Flags |
[   31.922572] cloud-init[781]: ci-info: +-------+-------------+---------+-----------+-------+
[   31.922944] cloud-init[781]: ci-info: |   1   |  fe80::/64  |    ::   |   enp0s8  |   U   |
[   31.923252] cloud-init[781]: ci-info: |   2   |  fe80::/64  |    ::   |   enp0s3  |   U   |
[   31.923526] cloud-init[781]: ci-info: |   4   |    local    |    ::   |   enp0s3  |   U   |
[   31.923802] cloud-init[781]: ci-info: |   5   |    local    |    ::   |   enp0s8  |   U   |
[   31.924364] cloud-init[781]: ci-info: |   6   |   ff00::/8  |    ::   |   enp0s8  |   U   |
[   31.924612] cloud-init[781]: ci-info: |   7   |   ff00::/8  |    ::   |   enp0s3  |   U   |
[   31.925161] cloud-init[781]: ci-info: +-------+-------------+---------+-----------+-------+
[0;32m  OK  [0m] Started Daily Cleanup of Temporary Directories.
[[0;32m  OK  [0m] Listening on UUID daemon activation socket.
         Starting Socket activation for snappy daemon.
[[0;32m  OK  [0m] Started ACPI Events Check.
[[0;32m  OK  [0m] Reached target Paths.
[[0;32m  OK  [0m] Listening on Open-iSCSI iscsid Socket.
[[0;32m  OK  [0m] Listening on D-Bus System Message Bus Socket.
[[0;32m  OK  [0m] Started Daily apt download activities.
[[0;32m  OK  [0m] Started Daily apt upgrade and clean activities.
[[0;32m  OK  [0m] Reached target Timers.
[[0;32m  OK  [0m] Listening on ACPID Listen Socket.
         Starting LXD - unix socket.
[[0;32m  OK  [0m] Reached target Cloud-config availability.
[[0;32m  OK  [0m] Reached target Network is Online.
[[0;32m  OK  [0m] Reached target Remote File Systems (Pre).
[[0;32m  OK  [0m] Reached target Remote File Systems.
         Starting Availability of block devices...
[[0;32m  OK  [0m] Listening on Socket activation for snappy daemon.
[[0;32m  OK  [0m] Listening on LXD - unix socket.
[[0;32m  OK  [0m] Started Availability of block devices.
[[0;32m  OK  [0m] Reached target Sockets.
[[0;32m  OK  [0m] Reached target Basic System.
[[0;32m  OK  [0m] Started Deferred execution scheduler.
         Starting LXD - container startup/shutdown...
         Starting vboxadd.service...
         Starting Dispatcher daemon for systemd-networkd...
         Starting OpenBSD Secure Shell server...
         Starting LSB: automatic crash report generation...
         Starting Permit User Sessions...
[[0;32m  OK  [0m] Started FUSE filesystem for LXC.
         Starting Login Service...
         Starting Snappy daemon...
         Starting LSB: Record successful boot for GRUB...
[[0;32m  OK  [0m] Started Regular background program processing daemon.
[[0;32m  OK  [0m] Started D-Bus System Message Bus.
[[0;32m  OK  [0m] Started Login Service.
[[0;32m  OK  [0m] Started Unattended Upgrades Shutdown.
         Starting Accounts Service...
[[0;32m  OK  [0m] Started irqbalance daemon.
         Starting System Logging Service...
[[0;32m  OK  [0m] Started LXD - container startup/shutdown.
[[0;32m  OK  [0m] Started Permit User Sessions.
         Starting Hold until boot process finishes up...
         Starting Terminate Plymouth Boot Screen...
[[0;32m  OK  [0m] Started Dispatcher daemon for systemd-networkd.
[[0;32m  OK  [0m] Started OpenBSD Secure Shell server.
[[0;32m  OK  [0m] Started System Logging Service.
[[0;32m  OK  [0m] Started Snappy daemon.
[[0;32m  OK  [0m] Started Hold until boot process finishes up.
[[0;32m  OK  [0m] Started Terminate Plymouth Boot Screen.
         Starting Authorization Manager...
         Starting Set console scheme...
[[0;32m  OK  [0m] Started Serial Getty on ttyS0.
         Starting Wait until snapd is fully seeded...
[[0;32m  OK  [0m] Started LSB: automatic crash report generation.
[[0;32m  OK  [0m] Started LSB: Record successful boot for GRUB.
[[0;32m  OK  [0m] Started Set console scheme.
[[0;32m  OK  [0m] Started Authorization Manager.
[[0;32m  OK  [0m] Started Accounts Service.
[[0;32m  OK  [0m] Created slice system-getty.slice.
[[0;32m  OK  [0m] Started Getty on tty1.
[[0;32m  OK  [0m] Reached target Login Prompts.
[[0;32m  OK  [0m] Started Wait until snapd is fully seeded.
[[0;32m  OK  [0m] Started vboxadd.service.
[[0;32m  OK  [0m] Created slice User Slice of vagrant.
         Starting vboxadd-service.service...
         Starting Apply the settings specified in cloud-config...
[[0;32m  OK  [0m] Started vboxadd-service.service.
         Starting User Manager for UID 1000...
[[0;32m  OK  [0m] Reached target Multi-User System.
[[0;32m  OK  [0m] Reached target Graphical Interface.
         Starting Update UTMP about System Runlevel Changes...
[[0;32m  OK  [0m] Started Session 1 of user vagrant.
[[0;32m  OK  [0m] Started User Manager for UID 1000.
[[0;32m  OK  [0m] Started Update UTMP about System Runlevel Changes.
[   33.979257] cloud-init[1269]: Cloud-init v. 19.1-1-gbaa47854-0ubuntu1~18.04.1 running 'modules:config' at Thu, 28 Nov 2019 05:26:32 +0000. Up 33.89 seconds.
[[0;32m  OK  [0m] Started Apply the settings specified in cloud-config.
         Starting Execute cloud user/final scripts...
[   34.428514] cloud-init[1370]: Cloud-init v. 19.1-1-gbaa47854-0ubuntu1~18.04.1 running 'modules:final' at Thu, 28 Nov 2019 05:26:32 +0000. Up 34.34 seconds.
[[0;32m  OK  [0m] Started Execute cloud user/final scripts.
[   34.484964] [cloud-init[0;32m  OK  [0m[1370]: ] Cloud-init v. 19.1-1-gbaa47854-0ubuntu1~18.04.1 finished at Thu, 28 Nov 2019 05:26:32 +0000. Datasource DataSourceNoCloud [seed=/dev/sdb][dsmode=net].  Up 34.42 secondsReached target Cloud-init target.


Ubuntu 18.04.3 LTS ubuntu-bionic ttyS0

ubuntu-bionic login: 